accountsservice
acl
adb
adwaita-icon-theme
aisleriot
alsa-utils
anacron
android-libadb
android-libbacktrace
android-libbase
android-libboringssl
android-libcrypto-utils
android-libcutils
android-libetc1
android-libf2fs-utils
android-liblog
android-libsparse
android-libunwind
android-libutils
android-libziparchive
android-sdk-platform-tools
android-sdk-platform-tools-common
ant
ant-optional
antlr
apache2-bin
apg
apparmor
appstream
apt-config-icons
aptitude-common
argyll
argyll-ref
aspell
aspell-en
aspell-pt-br
at-spi2-core
attr
augeas-lenses
autoconf
automake
autopoint
autotools-dev
avahi-autoipd
avahi-daemon
baobab
bc
binfmt-support
binutils
binutils-common
binutils-x86-64-linux-gnu
bluetooth
bluez
bluez-obexd
bogofilter
bogofilter-bdb
bogofilter-common
bolt
brasero-common
btrfs-progs
bubblewrap
ca-certificates
ca-certificates-java
caribou
cdrdao
cgroupfs-mount
cheese
cheese-common
chrome-gnome-shell
coinor-libcbc3
coinor-libcgl1
coinor-libclp1
coinor-libcoinmp1v5
coinor-libcoinutils3v5
coinor-libosi1v5
colord
colord-data
console-setup-linux
cpp
cpp-8
cracklib-runtime
crda
cups
cups-browsed
cups-bsd
cups-client
cups-common
cups-core-drivers
cups-daemon
cups-filters
cups-filters-core-drivers
cups-ipp-utils
cups-pk-helper
cups-ppdc
cups-server-common
db5.3-util
dbus-user-session
dbus-x11
dconf-cli
dconf-gsettings-backend
dconf-service
debhelper
default-jre
default-jre-headless
desktop-base
desktop-file-utils
dh-autoreconf
dh-python
dh-strip-nondeterminism
dictionaries-common
dirmngr
discover-data
distro-info-data
dkms
dleyna-server
dmeventd
dmtracedump
dns-root-data
dnsmasq-base
docker.io
dosfstools
dpkg-dev
dwz
efibootmgr
eject
emacsen-common
enchant
eog
espeak-ng-data
etc1tool
ethtool
evemu-tools
evince
evince-common
evolution
evolution-common
evolution-data-server
evolution-data-server-common
evolution-plugin-bogofilter
evolution-plugin-pstimport
evolution-plugins
evtest
exfat-fuse
exfat-utils
exim4-base
exim4-config
exim4-daemon-light
extlinux
f2fs-tools
fakeroot
fastboot
fig2dev
file-roller
firefox-esr
firefox-esr-l10n-pt-br
firmware-linux-free
five-or-more
folks-common
fontconfig
fontconfig-config
fonts-cantarell
fonts-dejavu
fonts-dejavu-core
fonts-dejavu-extra
fonts-droid-fallback
fonts-lato
fonts-liberation
fonts-liberation2
fonts-noto-color-emoji
fonts-noto-mono
fonts-opensymbol
fonts-quicksand
foomatic-db-compressed-ppds
foomatic-db-engine
four-in-a-row
freetype2-doc
fuse
fwupd
fwupd-amd64-signed
g++
g++-8
gawk
gcc
gcc-8
gcc-8-base:i386
gconf-service
gconf2
gconf2-common
gcr
gdisk
gdm3
gedit
gedit-common
gedit-plugin-bookmarks
gedit-plugin-bracket-completion
gedit-plugin-character-map
gedit-plugin-code-comment
gedit-plugin-color-picker
gedit-plugin-color-schemer
gedit-plugin-commander
gedit-plugin-draw-spaces
gedit-plugin-find-in-files
gedit-plugin-git
gedit-plugin-join-lines
gedit-plugin-multi-edit
gedit-plugin-smart-spaces
gedit-plugin-synctex
gedit-plugin-terminal
gedit-plugin-translate
gedit-plugin-word-completion
gedit-plugin-zeitgeist
gedit-plugins
gedit-plugins-common
genisoimage
geoclue-2.0
geoip-database
gettext
ghostscript
gimp
gimp-data
gir1.2-accountsservice-1.0
gir1.2-atk-1.0
gir1.2-atspi-2.0
gir1.2-caribou-1.0
gir1.2-champlain-0.12
gir1.2-clutter-1.0
gir1.2-clutter-gst-3.0
gir1.2-cogl-1.0
gir1.2-coglpango-1.0
gir1.2-dazzle-1.0
gir1.2-evince-3.0
gir1.2-freedesktop
gir1.2-gck-1
gir1.2-gcr-3
gir1.2-gdata-0.0
gir1.2-gdesktopenums-3.0
gir1.2-gdkpixbuf-2.0
gir1.2-gdm-1.0
gir1.2-geoclue-2.0
gir1.2-geocodeglib-1.0
gir1.2-gfbgraph-0.2
gir1.2-ggit-1.0
gir1.2-glib-2.0
gir1.2-gmenu-3.0
gir1.2-gnomebluetooth-1.0
gir1.2-gnomedesktop-3.0
gir1.2-goa-1.0
gir1.2-grilo-0.3
gir1.2-gst-plugins-base-1.0
gir1.2-gstreamer-1.0
gir1.2-gtk-3.0
gir1.2-gtk-vnc-2.0
gir1.2-gtkchamplain-0.12
gir1.2-gtkclutter-1.0
gir1.2-gtksource-3.0
gir1.2-gucharmap-2.90
gir1.2-gweather-3.0
gir1.2-ibus-1.0
gir1.2-javascriptcoregtk-4.0
gir1.2-json-1.0
gir1.2-libosinfo-1.0
gir1.2-libvirt-glib-1.0
gir1.2-lokdocview-0.1
gir1.2-mediaart-2.0
gir1.2-mutter-3
gir1.2-nm-1.0
gir1.2-nma-1.0
gir1.2-notify-0.7
gir1.2-packagekitglib-1.0
gir1.2-pango-1.0
gir1.2-peas-1.0
gir1.2-polkit-1.0
gir1.2-rb-3.0
gir1.2-rest-0.7
gir1.2-rsvg-2.0
gir1.2-secret-1
gir1.2-soup-2.4
gir1.2-spiceclientglib-2.0
gir1.2-spiceclientgtk-3.0
gir1.2-totem-1.0
gir1.2-totemplparser-1.0
gir1.2-tracker-2.0
gir1.2-upowerglib-1.0
gir1.2-vte-2.91
gir1.2-webkit2-4.0
gir1.2-wnck-3.0
gir1.2-zpj-0.0
git-man
gjs
gkbd-capplet
glib-networking
glib-networking-common
glib-networking-services
gnome
gnome-accessibility-themes
gnome-backgrounds
gnome-bluetooth
gnome-calculator
gnome-calendar
gnome-characters
gnome-chess
gnome-clocks
gnome-color-manager
gnome-contacts
gnome-control-center
gnome-control-center-data
gnome-core
gnome-desktop3-data
gnome-disk-utility
gnome-documents
gnome-font-viewer
gnome-games
gnome-getting-started-docs
gnome-keyring
gnome-keyring-pkcs11
gnome-klotski
gnome-logs
gnome-mahjongg
gnome-maps
gnome-menus
gnome-mines
gnome-music
gnome-nibbles
gnome-online-accounts
gnome-online-miners
gnome-robots
gnome-screenshot
gnome-session
gnome-session-bin
gnome-session-common
gnome-settings-daemon
gnome-settings-daemon-common
gnome-shell
gnome-shell-common
gnome-shell-extensions
gnome-software
gnome-software-common
gnome-sound-recorder
gnome-sudoku
gnome-sushi
gnome-system-monitor
gnome-taquin
gnome-terminal
gnome-terminal-data
gnome-tetravex
gnome-themes-extra
gnome-themes-extra-data
gnome-todo
gnome-todo-common
gnome-tweaks
gnome-user-docs
gnome-user-share
gnome-video-effects
gnome-weather
gnucash-common
gnucash-docs
gnupg
gnupg-l10n
gnupg-utils
gobject-introspection
golang-1.11
golang-1.11-doc
golang-1.11-go
golang-1.11-src
golang-doc
golang-docker-credential-helpers
golang-go
golang-src
gpg
gpg-agent
gpg-wks-client
gpg-wks-server
gpgconf
gpgsm
graphviz
grilo-plugins-0.3
groovy
grub-efi-amd64-bin
grub-efi-amd64-signed
grub2-common
gsettings-desktop-schemas
gsfonts
gstreamer1.0-clutter-3.0
gstreamer1.0-gl
gstreamer1.0-gtk3
gstreamer1.0-libav
gstreamer1.0-nice
gstreamer1.0-packagekit
gstreamer1.0-plugins-bad
gstreamer1.0-plugins-base
gstreamer1.0-plugins-good
gstreamer1.0-plugins-ugly
gstreamer1.0-pulseaudio
gstreamer1.0-x
gtk-update-icon-cache
gtk2-engines-pixbuf
guile-2.0-libs
guile-2.2
guile-2.2-libs
gvfs
gvfs-backends
gvfs-bin
gvfs-common
gvfs-daemons
gvfs-fuse
gvfs-libs
hicolor-icon-theme
hitori
hoichess
hprof-conv
hunspell-en-us
hunspell-pt-br
hyphen-en-us
iagno
ibrazilian
ibverbs-providers
icc-profiles-free
iio-sensor-proxy
imagemagick
imagemagick-6-common
imagemagick-6.q16
initramfs-tools-core
inkscape
inputattach
intel-media-va-driver
intltool-debian
ipset
ipxe-qemu
iso-codes
ispell
iucode-tool
ivy
iw
java-common
java-wrappers
javahelp2
javascript-common
jmapviewer
junit4
kbd
keyutils
klibc-utils
liba52-0.7.4
libaa1
libaacs0
libabw-0.1-1
libaccountsservice0
libaio1
libalgorithm-c3-perl
libalgorithm-diff-perl
libalgorithm-diff-xs-perl
libalgorithm-merge-perl
libamd2
libantlr-java
libao-common
libao4
libaom0
libapache-pom-java
libapache2-mod-dnssd
libappindicator1
libappstream-glib8
libappstream4
libapr1
libaprutil1
libaprutil1-dbd-sqlite3
libaprutil1-ldap
libaqbanking-data
libaqbanking35
libaqbanking35-plugins
libaqebics0
libaqhbci24
libaqofxconnect7
libarchive-cpio-perl
libarchive-tools
libarchive-zip-perl
libarchive13
libasan5
libasm-java
libasound2
libasound2-data
libasound2-plugins
libaspell15
libass9
libassuan0
libasyncns0
libasyncns0:i386
libatasmart4
libatk-adaptor
libatk-bridge2.0-0
libatk-wrapper-java
libatk-wrapper-java-jni
libatk1.0-0
libatk1.0-data
libatkmm-1.6-1v5
libatomic1
libatomic1:i386
libatspi2.0-0
libaudio2
libaugeas0
libauthen-sasl-perl
libavahi-client3
libavahi-client3:i386
libavahi-common-data
libavahi-common-data:i386
libavahi-common3
libavahi-common3:i386
libavahi-core7
libavahi-glib1
libavahi-gobject0
libavahi-ui-gtk3-0
libavalon-framework-java
libavc1394-0
libavcodec58
libavdevice58
libavfilter7
libavformat58
libavresample4
libavutil56
libayatana-appindicator3-1
libayatana-ido3-0.4-0
libayatana-indicator3-7
libb-hooks-endofscope-perl
libb-hooks-op-check-perl
libbabl-0.1-0
libbatik-java
libbdplus0
libbind9-161
libbinutils
libblas3
libblkid-dev
libblockdev-crypto2
libblockdev-fs2
libblockdev-loop2
libblockdev-part-err2
libblockdev-part2
libblockdev-swap2
libblockdev-utils2
libblockdev2
libbluetooth3
libbluray2
libboost-atomic1.67.0
libboost-chrono1.67.0
libboost-date-time1.67.0
libboost-filesystem1.67.0
libboost-iostreams1.67.0
libboost-locale1.67.0
libboost-regex1.67.0
libboost-system1.67.0
libboost-thread1.67.0
libbrasero-media3-1
libbrlapi0.6
libbrotli1
libbs2b0
libbsd0:i386
libbsf-java
libburn4
libbytes-random-secure-perl
libbz2-1.0:i386
libc-dev-bin
libc-l10n
libc6-dev
libc6:i386
libcaca0
libcacard0
libcairo-gobject-perl
libcairo-gobject2
libcairo-perl
libcairo-script-interpreter2
libcairo2
libcairomm-1.0-1v5
libcamd2
libcamel-1.2-62
libcanberra-gtk3-0
libcanberra-gtk3-module
libcanberra-pulse
libcanberra0
libcap2:i386
libcapstone3
libcaribou-common
libcaribou0
libcc1-0
libccolamd2
libcdio-cdda2
libcdio-paranoia2
libcdio18
libcdparanoia0
libcdr-0.1-1
libcdt5
libcephfs2
libcgi-fast-perl
libcgi-pm-perl
libcgraph6
libchamplain-0.12-0
libchamplain-gtk-0.12-0
libcheese-gtk25
libcheese8
libcholmod3
libchromaprint1
libclass-accessor-perl
libclass-c3-perl
libclass-c3-xs-perl
libclass-data-inheritable-perl
libclass-inspector-perl
libclass-method-modifiers-perl
libclass-singleton-perl
libclass-xsaccessor-perl
libclucene-contribs1v5
libclucene-core1v5
libclutter-1.0-0
libclutter-1.0-common
libclutter-gst-3.0-0
libclutter-gtk-1.0-0
libcmis-0.5-5v5
libcodec2-0.8.1
libcogl-common
libcogl-pango20
libcogl-path20
libcogl20
libcolamd2
libcolord-gtk1
libcolord2
libcolorhug2
libcom-err2:i386
libcommon-sense-perl
libcommons-cli-java
libcommons-codec-java
libcommons-io-java
libcommons-lang-java
libcommons-logging-java
libcommons-parent-java
libcpupower1
libcrack2
libcroco3
libcrypt-random-seed-perl
libcrypt-ssleay-perl
libcrystalhd3
libcue2
libcups2
libcups2:i386
libcupsfilters1
libcupsimage2
libcurl3-gnutls
libcurl4
libcwidget3v5
libdaemon0
libdata-dump-perl
libdata-optlist-perl
libdate-manip-perl
libdatetime-locale-perl
libdatetime-perl
libdatetime-timezone-perl
libdatrie1
libdazzle-1.0-0
libdb5.3:i386
libdbi1
libdbus-1-3
libdbus-1-3:i386
libdbus-1-dev
libdbus-glib-1-2
libdbus-glib-1-dev-bin
libdbusmenu-glib4
libdbusmenu-gtk3-4
libdbusmenu-gtk4
libdc1394-22
libdca0
libdconf1
libde265-0
libdevel-callchecker-perl
libdevel-caller-perl
libdevel-lexalias-perl
libdevel-stacktrace-perl
libdevmapper-event1.02.1
libdirectfb-1.7-7
libdiscover2
libdjvulibre-text
libdjvulibre21
libdleyna-connector-dbus-1.0-1
libdleyna-core-1.0-3
libdmapsharing-3.0-2
libdns1104
libdotconf0
libdouble-conversion1
libdpkg-perl
libdrm-amdgpu1
libdrm-amdgpu1:i386
libdrm-common
libdrm-intel1
libdrm-intel1:i386
libdrm-nouveau2
libdrm-nouveau2:i386
libdrm-radeon1
libdrm-radeon1:i386
libdrm2
libdrm2:i386
libdv4
libdvdnav4
libdvdread4
libdw1
libdynaloader-functions-perl
libe-book-0.1-1
libebackend-1.2-10
libebook-1.2-19
libebook-contacts-1.2-2
libecal-1.2-19
libedata-book-1.2-25
libedata-cal-1.2-29
libedataserver-1.2-23
libedataserverui-1.2-2
libedit2
libedit2:i386
libefiboot1
libefivar1
libegl-mesa0
libegl1
libel-api-java
libelf1:i386
libenca0
libenchant1c2a
libencode-locale-perl
libeot0
libepoxy0
libepubgen-0.1-1
liberror-perl
libespeak-ng1
libetonyek-0.1-1
libeval-closure-perl
libevdev2
libevdocument3-4
libevemu3
libevent-2.1-6
libevolution
libevview3-3
libexception-class-perl
libexempi8
libexif12
libexif12:i386
libexiv2-14
libexpat1
libexpat1-dev
libexpat1:i386
libexttextcat-2.0-0
libexttextcat-data
libf2fs-format4
libf2fs5
libfaad2
libfakeroot
libfarstream-0.2-5
libfcgi-perl
libfdt1
libffi-dev
libffi6:i386
libfftw3-double3
libfftw3-single3
libfile-basedir-perl
libfile-desktopentry-perl
libfile-fcntllock-perl
libfile-listing-perl
libfile-mimeinfo-perl
libfile-sharedir-perl
libfile-stripnondeterminism-perl
libfinance-quote-perl
libflac8
libflac8:i386
libflite1
libfluidsynth1
libfolks-eds25
libfolks25
libfont-afm-perl
libfontbox2-java
libfontconfig1
libfontconfig1-dev
libfontembed1
libfontenc1
libfop-java
libfreehand-0.1-1
libfreerdp-client2-2
libfreerdp-server2-2
libfreerdp-shadow-subsystem2-2
libfreerdp-shadow2-2
libfreerdp2-2
libfreetype6
libfreetype6-dev
libfreetype6:i386
libfribidi0
libfstrm0
libfuse2
libfwupd2
libgadu3
libgail-3-0
libgail-common
libgail18
libgbm1
libgc1c2
libgcab-1.0-0
libgcc-8-dev
libgcc1:i386
libgck-1-0
libgconf-2-4
libgcr-base-3-1
libgcr-ui-3-1
libgcrypt20:i386
libgd3
libgd3:i386
libgdata-common
libgdata22
libgdbm-compat4
libgdbm-compat4:i386
libgdbm6
libgdbm6:i386
libgdk-pixbuf2.0-0
libgdk-pixbuf2.0-bin
libgdk-pixbuf2.0-common
libgdm1
libgee-0.8-2
libgegl-0.4-0
libgegl-common
libgeoclue-2-0
libgeocode-glib0
libgeoip1
libgexiv2-2
libgfapi0
libgfbgraph-0.2-0
libgfortran5
libgfrpc0
libgfxdr0
libgif7
libgimp2.0
libgirepository-1.0-1
libgit2-27
libgit2-glib-1.0-0
libgjs0g
libgl1
libgl1-mesa-dri
libgl1-mesa-dri:i386
libgl1-mesa-glx
libgl1-mesa-glx:i386
libgl1:i386
libglapi-mesa
libglapi-mesa:i386
libgles2
libglib-object-introspection-perl
libglib-perl
libglib2.0-0
libglib2.0-bin
libglib2.0-data
libglib2.0-dev
libglib2.0-dev-bin
libglibmm-2.4-1v5
libglu1-mesa
libglu1-mesa:i386
libglusterfs0
libglvnd0
libglvnd0:i386
libglx-mesa0
libglx-mesa0:i386
libglx0
libglx0:i386
libgme0
libgmp10:i386
libgnome-autoar-0-0
libgnome-autoar-gtk-0-0
libgnome-bluetooth13
libgnome-desktop-3-17
libgnome-games-support-1-3
libgnome-games-support-common
libgnome-menu-3-0
libgnome-todo
libgnomekbd-common
libgnomekbd8
libgnutls-dane0
libgnutls30:i386
libgoa-1.0-0b
libgoa-1.0-common
libgoa-backend-1.0-1
libgom-1.0-0
libgomp1
libgovirt-common
libgovirt2
libgpars-groovy-java
libgpg-error-l10n
libgpg-error0:i386
libgpgme11
libgpgmepp6
libgphoto2-6
libgphoto2-6:i386
libgphoto2-l10n
libgphoto2-port12
libgphoto2-port12:i386
libgpm2
libgpod-common
libgpod4
libgraphene-1.0-0
libgraphite2-3
libgrilo-0.3-0
libgs9
libgs9-common
libgsasl7
libgsf-1-114
libgsf-1-common
libgsf-bin
libgsl23
libgslcblas0
libgsm1
libgsoap-2.8.75
libgsound0
libgspell-1-1
libgspell-1-common
libgssapi-krb5-2
libgssapi-krb5-2:i386
libgssdp-1.0-3
libgstreamer-gl1.0-0
libgstreamer-plugins-bad1.0-0
libgstreamer-plugins-base1.0-0
libgstreamer1.0-0
libgtk-3-0
libgtk-3-bin
libgtk-3-common
libgtk-vnc-2.0-0
libgtk2.0-0
libgtk2.0-bin
libgtk2.0-common
libgtk3-perl
libgtkmm-2.4-1v5
libgtkmm-3.0-1v5
libgtksourceview-3.0-1
libgtksourceview-3.0-common
libgtkspell0
libgtkspell3-3-0
libgtop-2.0-11
libgtop2-common
libgts-0.7-5
libgts-bin
libgucharmap-2-90-7
libgudev-1.0-0
libgupnp-1.0-4
libgupnp-av-1.0-2
libgupnp-dlna-2.0-3
libgupnp-igd-1.0-4
libgusb2
libgutenprint-common
libgutenprint9
libgvc6
libgvnc-1.0-0
libgvpr2
libgweather-3-15
libgweather-common
libgwenhywfar-data
libgwenhywfar60
libgxps2
libhamcrest-java
libharfbuzz-icu0
libharfbuzz0b
libhawtjni-runtime-java
libheif1
libhogweed4:i386
libhtml-form-perl
libhtml-format-perl
libhtml-parser-perl
libhtml-tableextract-perl
libhtml-tagset-perl
libhtml-tree-perl
libhttp-cookies-perl
libhttp-daemon-perl
libhttp-date-perl
libhttp-message-perl
libhttp-negotiate-perl
libhttp-parser2.8
libhunspell-1.7-0
libhyphen0
libi2c0
libibus-1.0-5
libibverbs1
libical3
libice-dev
libice6
libice6:i386
libicu63
libicu63:i386
libidn2-0:i386
libidw-java
libiec61883-0
libieee1284-3
libieee1284-3:i386
libigdgmm5
libijs-0.35
libilmbase23
libimage-magick-perl
libimage-magick-q16-perl
libimobiledevice6
libindicator7
libinput-bin
libinput10
libintl-perl
libintl-xs-perl
libio-html-perl
libio-socket-ssl-perl
libio-string-perl
libio-stringy-perl
libipc-system-simple-perl
libipset11
libiptcdata0
libirs161
libisc1100
libisccc161
libisccfg163
libisl19
libisofs6
libitm1
libiw30
libjack-jackd2-0
libjansi-java
libjansi-native-java
libjansson4
libjavascriptcoregtk-4.0-18
libjaxp1.3-java
libjbig0
libjbig0:i386
libjbig2dec0
libjcommander-java
libjcsp-java
libjgoodies-common-java
libjgoodies-forms-java
libjim0.77
libjlatexmath-java
libjline2-java
libjpeg62-turbo
libjpeg62-turbo:i386
libjs-jquery
libjson-glib-1.0-0
libjson-glib-1.0-common
libjson-perl
libjson-xs-perl
libjsoncpp1
libjsp-api-java
libjsr166y-java
libjsyntaxpane-java
libjte1
libjxr-tools
libjxr0
libk5crypto3
libk5crypto3:i386
libkate1
libkeyutils1
libkeyutils1:i386
libklibc
libknopflerfish-osgi-framework-java
libkpathsea6
libkrb5-3
libkrb5-3:i386
libkrb5support0
libkrb5support0:i386
libksba8
libktoblzcheck1v5
libkyotocabinet16v5
liblab-gamut1
liblangtag-common
liblangtag1
liblapack3
liblcms2-2
liblcms2-2:i386
liblcms2-utils
libldap-2.4-2
libldap-common
libldb1
liblibreofficekitgtk
liblilv-0-0
liblirc-client0
libllvm7
libllvm7:i386
liblmdb0
liblouis-data
liblouis17
liblouisutdml-bin
liblouisutdml-data
liblouisutdml8
liblqr-1-0
liblsan0
libltdl-dev
libltdl7
libltdl7:i386
liblua5.2-0
liblua5.3-0
liblvm2cmd2.03
liblwp-mediatypes-perl
liblwp-protocol-https-perl
liblwres161
liblz4-1:i386
liblzma5:i386
liblzo2-2
libmad0
libmagic-mgc
libmagic1
libmagick++-6.q16-8
libmagickcore-6.q16-6
libmagickcore-6.q16-6-extra
libmagickwand-6.q16-6
libmail-sendmail-perl
libmailtools-perl
libmailutils5
libmariadb3
libmariadb3:i386
libmath-random-isaac-perl
libmath-random-isaac-xs-perl
libmbedcrypto3
libmbedtls12
libmbedx509-0
libmbim-glib4
libmbim-proxy
libmeanwhile1
libmediaart-2.0-0
libmetis5
libmhash2
libminiupnpc17
libmjpegutils-2.1-0
libmm-glib0
libmms0
libmnemonicsetter-java
libmng1
libmodplug1
libmodule-find-perl
libmodule-implementation-perl
libmodule-runtime-perl
libmodule-scandeps-perl
libmount-dev
libmozjs-60-0
libmp3lame0
libmpc3
libmpcdec6
libmpdec2
libmpeg2-4
libmpeg2encpp-2.1-0
libmpfr6
libmpg123-0
libmplex2-2.1-0
libmpx2
libmro-compat-perl
libmspub-0.1-1
libmtdev1
libmtp-common
libmtp-runtime
libmtp9
libmultiverse-core-java
libmusicbrainz5-2
libmusicbrainz5cc2v5
libmutter-3-0
libmwaw-0.3-3
libmypaint-1.3-0
libmypaint-common
libmysofa0
libmythes-1.2-0
libnamespace-autoclean-perl
libnamespace-clean-perl
libnatpmp1
libnautilus-extension1a
libndp0
libneon27-gnutls
libnet-dbus-perl
libnet-http-perl
libnet-smtp-ssl-perl
libnet-ssleay-perl
libnetcf1
libnetpbm10
libnettle6:i386
libnfs12
libnfsidmap2
libnghttp2-14
libnice10
libnl-3-200
libnl-genl-3-200
libnl-route-3-200
libnm0
libnma0
libnorm1
libnotify4
libnpth0
libnspr4
libnss-mdns
libnss-myhostname
libnss3
libntfs-3g883
libntlm0
libnuma1
libnumbertext-1.0-0
libnumbertext-data
liboauth0
libodfgen-0.1-1
libofa0
libofx7
libogg0
libogg0:i386
libopenal-data
libopenal1
libopencore-amrnb0
libopencore-amrwb0
libopenexr23
libopenjp2-7
libopenmpt0
libopus0
liborc-0.4-0
liborcus-0.14-0
libosinfo-1.0-0
libosp5
libp11-kit0:i386
libpackage-stash-perl
libpackage-stash-xs-perl
libpackagekit-glib2-18
libpadwalker-perl
libpagemaker-0.0-0
libpam-gnome-keyring
libpango-1.0-0
libpangocairo-1.0-0
libpangoft2-1.0-0
libpangomm-1.4-1v5
libpangoxft-1.0-0
libpaper-utils
libpaper1
libparams-classify-perl
libparams-util-perl
libparams-validationcompiler-perl
libparse-debianchangelog-perl
libparted-fs-resize0
libparted2
libpathplan4
libpcap0.8
libpcaudio0
libpci3
libpci3:i386
libpciaccess0
libpciaccess0:i386
libpcre16-3
libpcre2-16-0
libpcre2-8-0
libpcre3-dev
libpcre32-3
libpcrecpp0v5
libpcsclite1
libpeas-1.0-0
libpeas-common
libperl4-corelibs-perl
libperl5.28
libperl5.28:i386
libpgm-5.2-0
libphodav-2.0-0
libphodav-2.0-common
libphonenumber7
libpipeline1
libpipewire-0.2-1
libpixman-1-0
libpixman-1-dev
libplist3
libplymouth4
libpng-dev
libpng-tools
libpng16-16
libpng16-16:i386
libpolkit-agent-1-0
libpolkit-backend-1-0
libpolkit-gobject-1-0
libpoppler-glib8
libpoppler82
libpostproc55
libpotrace0
libproc-processtable-perl
libprotobuf-c1
libprotobuf17
libproxy1-plugin-gsettings
libproxy1-plugin-networkmanager
libproxy1-plugin-webkit
libproxy1v5
libpsl5
libpst4
libpthread-stubs0-dev
libpulse-mainloop-glib0
libpulse0
libpulsedsp
libpurple-bin
libpurple0
libpwquality-common
libpwquality1
libpython-stdlib
libpython2-stdlib
libpython2.7
libpython2.7-minimal
libpython2.7-stdlib
libpython3-dev
libpython3-stdlib
libpython3.7
libpython3.7-dev
libpython3.7-minimal
libpython3.7-stdlib
libqdox-java
libqmi-glib5
libqmi-proxy
libqpdf21
libqqwing2v5
libqt5core5a
libqt5dbus5
libqt5gui5
libqt5network5
libqt5opengl5
libqt5printsupport5
libqt5svg5
libqt5widgets5
libqt5x11extras5
libquadmath0
libquvi-0.9-0.9.3
libquvi-scripts-0.9
libqxp-0.0-0
librados2
libraptor2-0
librasqal3
libraw1394-11
libraw19
librdf0
librdmacm1
libreadline5
libreadline7
libreadonly-perl
libref-util-perl
libref-util-xs-perl
libreoffice-avmedia-backend-gstreamer
libreoffice-base-core
libreoffice-calc
libreoffice-common
libreoffice-core
libreoffice-draw
libreoffice-gnome
libreoffice-gtk3
libreoffice-help-common
libreoffice-help-en-us
libreoffice-impress
libreoffice-l10n-pt-br
libreoffice-math
libreoffice-style-colibre
libreoffice-style-elementary
libreoffice-style-tango
libreoffice-writer
libreofficekit-data
librest-0.7-0
librevenge-0.0-0
librhino-java
librhythmbox-core10
librole-tiny-perl
librsvg2-2
librsvg2-common
librtmp1
librubberband2
libruby2.5
librygel-core-2.6-2
librygel-db-2.6-2
librygel-renderer-2.6-2
librygel-renderer-gst-2.6-2
librygel-server-2.6-2
libsamplerate0
libsane
libsane-common
libsasl2-2
libsasl2-modules
libsasl2-modules-db
libsaxon-java
libsbc1
libsdl1.2debian
libsdl2-2.0-0
libsecret-1-0
libsecret-common
libselinux1-dev
libsensors-config
libsensors5
libsensors5:i386
libsepol1-dev
libserd-0-0
libservlet-api-java
libservlet3.1-java
libsgutils2-2
libshine3
libshout3
libsidplay1v5
libsigc++-2.0-0v5
libsigsegv2
libsm-dev
libsm6
libsm6:i386
libsmbclient
libsmbios-c2
libsnappy1v5
libsndfile1
libsndfile1:i386
libsndio7.0
libsnmp-base
libsnmp30
libsnmp30:i386
libsodium23
libsonic0
libsord-0-0
libsort-naturally-perl
libsoundtouch1
libsoup-gnome2.4-1
libsoup2.4-1
libsoxr0
libspandsp2
libspecio-perl
libspectre1
libspeechd2
libspeex1
libspeexdsp1
libspice-client-glib-2.0-8
libspice-client-gtk-3.0-5
libspice-server1
libsqlite3-0
libsratom-0-0
libsrtp2-1
libssh-4
libssh-gcrypt-4
libssh2-1
libssl1.1:i386
libstaroffice-0.0-0
libstartup-notification0
libstdc++-8-dev
libstdc++6:i386
libstemmer0d
libsub-exporter-perl
libsub-exporter-progressive-perl
libsub-identify-perl
libsub-install-perl
libsub-name-perl
libsub-quote-perl
libsuitesparseconfig5
libsvgsalamander-java
libswresample3
libswscale5
libsynctex2
libsys-hostname-long-perl
libsystemd0:i386
libtag1v5
libtag1v5-vanilla
libtagc0
libtalloc2
libtasn1-6:i386
libtcl8.6
libtdb1
libteamdctl0
libterm-readkey-perl
libtevent0
libthai-data
libthai0
libtheora0
libtie-ixhash-perl
libtiff5
libtiff5:i386
libtimedate-perl
libtinfo6:i386
libtirpc-common
libtirpc3
libtk8.6
libtool
libtotem-plparser-common
libtotem-plparser18
libtotem0
libtracker-control-2.0-0
libtracker-miner-2.0-0
libtracker-sparql-2.0-0
libtry-tiny-perl
libtsan0
libtwolame0
libtypes-serialiser-perl
libu2f-udev
libubsan1
libuchardet0
libudev1:i386
libudisks2-0
libumfpack5
libunbound8
libunistring2:i386
libunwind8
libupower-glib3
liburi-perl
libusb-0.1-4
libusb-1.0-0:i386
libusbmuxd4
libusbredirhost1
libusbredirparser1
libuuid1:i386
libv4l-0
libv4lconvert0
libva-drm2
libva-wayland2
libva-x11-2
libva2
libvariable-magic-perl
libvdeplug2
libvdpau-va-gl1
libvdpau1
libvidstab1.1
libvirglrenderer0
libvirt-clients
libvirt-daemon
libvirt-daemon-system
libvirt-glib-1.0-0
libvirt0
libvisio-0.1-1
libvisual-0.4-0
libvncclient1
libvncserver1
libvo-aacenc0
libvo-amrwbenc0
libvolume-key1
libvorbis0a
libvorbis0a:i386
libvorbisenc2
libvorbisenc2:i386
libvorbisfile3
libvorbisidec1
libvpx5
libvte-2.91-0
libvte-2.91-common
libvulkan1
libvulkan1:i386
libwacom-bin
libwacom-common
libwacom2
libwavpack1
libwayland-client0
libwayland-client0:i386
libwayland-cursor0
libwayland-egl1
libwayland-server0
libwbclient0
libwebkit2gtk-4.0-37
libwebp6
libwebp6:i386
libwebpdemux2
libwebpmux3
libwebrtc-audio-processing1
libwebsocket-api-java
libwildmidi2
libwinpr-tools2-2
libwinpr2-2
libwmf-bin
libwmf0.2-7
libwnck-3-0
libwnck-3-common
libwoff1
libwpd-0.10-10
libwpg-0.3-3
libwps-0.4-4
libwrap0
libwrap0:i386
libwww-perl
libwww-robotrules-perl
libx11-6
libx11-6:i386
libx11-data
libx11-dev
libx11-protocol-perl
libx11-xcb1
libx11-xcb1:i386
libx264-155
libx265-165
libx86-1
libxalan2-java
libxapian30
libxatracker2
libxau-dev
libxau6
libxau6:i386
libxaw7
libxcb-dri2-0
libxcb-dri2-0:i386
libxcb-dri3-0
libxcb-dri3-0:i386
libxcb-glx0
libxcb-glx0:i386
libxcb-icccm4
libxcb-image0
libxcb-keysyms1
libxcb-present0
libxcb-present0:i386
libxcb-randr0
libxcb-randr0:i386
libxcb-render-util0
libxcb-render0
libxcb-render0-dev
libxcb-res0
libxcb-shape0
libxcb-shm0
libxcb-shm0-dev
libxcb-sync1
libxcb-sync1:i386
libxcb-util0
libxcb-xf86dri0
libxcb-xfixes0
libxcb-xinerama0
libxcb-xkb1
libxcb-xv0
libxcb1
libxcb1-dev
libxcb1:i386
libxcomposite1
libxcursor1
libxcursor1:i386
libxdamage1
libxdamage1:i386
libxdmcp-dev
libxdmcp6
libxdmcp6:i386
libxdot4
libxencall1
libxendevicemodel1
libxenevtchn1
libxenforeignmemory1
libxengnttab1
libxenmisc4.11
libxenstore3.0
libxentoolcore1
libxentoollog1
libxerces2-java
libxext-dev
libxext6
libxext6:i386
libxfixes3
libxfixes3:i386
libxfont2
libxft2
libxi6
libxi6:i386
libxinerama1
libxinerama1:i386
libxkbcommon-x11-0
libxkbcommon0
libxkbfile1
libxklavier16
libxml-commons-external-java
libxml-commons-resolver1.1-java
libxml-parser-perl
libxml-twig-perl
libxml-xpath-perl
libxml-xpathengine-perl
libxml2
libxml2-utils
libxmlb1
libxmlgraphics-commons-java
libxmlsec1
libxmlsec1-gcrypt
libxmlsec1-gnutls
libxmlsec1-nss
libxmu6
libxmuu1
libxpm4
libxpm4:i386
libxpp3-java
libxrandr2
libxrandr2:i386
libxrender-dev
libxrender1
libxrender1:i386
libxres1
libxshmfence1
libxshmfence1:i386
libxslt1.1
libxss1
libxss1:i386
libxstream-java
libxt6
libxtst6
libxtst6:i386
libxv1
libxvidcore4
libxvmc1
libxxf86dga1
libxxf86vm1
libxxf86vm1:i386
libyajl2
libyaml-0-2
libyelp0
libytnef0
libzapojit-0.0-0
libzbar0
libzeitgeist-2.0-0
libzephyr4
libzmf-0.0-0
libzmq5
libzstd1:i386
libzvbi-common
libzvbi0
lightsoff
linux-base
linux-compiler-gcc-8-x86
linux-cpupower
linux-headers-4.19.0-5-amd64
linux-headers-4.19.0-5-common
linux-headers-amd64
linux-image-4.19.0-5-amd64
linux-kbuild-4.19
linux-libc-dev
lp-solve
lsb-release
lua-bitop
lua-expat
lua-json
lua-lpeg
lua-socket
lzop
m4
mailutils
mailutils-common
make
manpages-dev
manpages-pt
mariadb-common
mc-data
mdadm
media-player-info
menu
mesa-va-drivers
mesa-vdpau-drivers
mesa-vulkan-drivers:i386
mobile-broadband-provider-info
modemmanager
mokutil
mousetweaks
mplayer
mutter
mutter-common
myspell-pt-br
mysql-common
mythes-en-us
nautilus
nautilus-data
nautilus-extension-brasero
nautilus-extension-gnome-terminal
nautilus-sendto
needrestart
netcat-openbsd
netpbm
network-manager
network-manager-gnome
nfs-kernel-server
node-normalize.css
notification-daemon
ntfs-3g
openjdk-11-jre
openjdk-11-jre-headless
openprinting-ppds
openssh-server
openssh-sftp-server
openssl
orca
os-prober
osinfo-db
ovmf
p11-kit
p11-kit-modules
p7zip
p7zip-full
packagekit
packagekit-tools
parted
patch
perl-openssl-defaults
pidgin-data
pinentry-gnome3
pkg-config
plymouth
plymouth-label
po-debconf
policykit-1
poppler-data
powermgmt-base
powertop
ppp
printer-driver-gutenprint
psmisc
publicsuffix
pulseaudio
pulseaudio-module-bluetooth
pulseaudio-utils
python-apt-common
python-asn1crypto
python-backports.functools-lru-cache
python-bs4
python-cairo
python-certifi
python-cffi-backend
python-chardet
python-crypto
python-cryptography
python-dnspython
python-enum34
python-gi
python-gobject-2
python-gpg
python-html5lib
python-idna
python-ipaddress
python-ldb
python-lxml
python-numpy
python-openssl
python-pip-whl
python-pkg-resources
python-requests
python-samba
python-scour
python-six
python-soupsieve
python-talloc
python-tdb
python-urllib3
python-webencodings
python2
python2-minimal
python2.7-minimal
python3
python3-apt
python3-asn1crypto
python3-brlapi
python3-cached-property
python3-cairo
python3-certifi
python3-cffi-backend
python3-chardet
python3-crypto
python3-cryptography
python3-cups
python3-cupshelpers
python3-dbus
python3-debconf
python3-debian
python3-debianbts
python3-decorator
python3-distro
python3-distro-info
python3-distutils
python3-docker
python3-dockerpty
python3-dockerpycreds
python3-docopt
python3-entrypoints
python3-gi
python3-gi-cairo
python3-gnucash
python3-gst-1.0
python3-httplib2
python3-idna
python3-jsonschema
python3-keyring
python3-keyrings.alt
python3-lib2to3
python3-libvirt
python3-libxml2
python3-louis
python3-mako
python3-markdown
python3-markupsafe
python3-minimal
python3-pkg-resources
python3-psutil
python3-pyatspi
python3-pycurl
python3-pygments
python3-pysimplesoap
python3-requests
python3-scour
python3-secretstorage
python3-selinux
python3-setuptools
python3-six
python3-slip
python3-slip-dbus
python3-smbc
python3-software-properties
python3-speechd
python3-texttable
python3-uno
python3-urllib3
python3-urwid
python3-virtualenv
python3-websocket
python3-xdg
python3-yaml
python3.7
python3.7-dev
python3.7-minimal
python3.7-venv
qemu
qemu-system-common
qemu-system-data
qemu-system-gui
qemu-system-x86
qemu-utils
qt5-gtk-platformtheme
qttranslations5-l10n
quadrapassel
rake
read-edid
realmd
reiserfsprogs
remmina
remmina-common
remmina-plugin-rdp
remmina-plugin-secret
remmina-plugin-vnc
rfkill
rhythmbox
rhythmbox-data
rhythmbox-plugin-cdrecorder
rhythmbox-plugins
rpcbind
rsync
rtkit
ruby
ruby-bcrypt-pbkdf
ruby-blankslate
ruby-builder
ruby-childprocess
ruby-concurrent
ruby-did-you-mean
ruby-domain-name
ruby-ed25519
ruby-erubis
ruby-excon
ruby-ffi
ruby-fog-core
ruby-fog-json
ruby-fog-libvirt
ruby-fog-xml
ruby-formatador
ruby-http-cookie
ruby-i18n
ruby-json
ruby-libvirt
ruby-listen
ruby-log4r
ruby-mime-types
ruby-mime-types-data
ruby-minitest
ruby-multi-json
ruby-net-scp
ruby-net-sftp
ruby-net-ssh
ruby-net-telnet
ruby-netrc
ruby-nokogiri
ruby-oj
ruby-pkg-config
ruby-power-assert
ruby-rb-inotify
ruby-rest-client
ruby-sqlite3
ruby-test-unit
ruby-unf
ruby-unf-ext
ruby-vagrant-cloud
ruby-xmlrpc
ruby-zip
ruby2.5
rubygems-integration
runc
rygel
rygel-playbin
rygel-tracker
samba-common
samba-common-bin
samba-dsdb-modules
samba-libs
samba-vfs-modules
sane-utils
scour
seabios
seahorse
shared-mime-info
shim-helpers-amd64-signed
shim-signed-common
shim-unsigned
shotwell
shotwell-common
simple-scan
simplyhtml
software-properties-common
software-properties-gtk
sound-icons
sound-theme-freedesktop
speech-dispatcher
speech-dispatcher-audio-plugins
speech-dispatcher-espeak-ng
spice-client-glib-usb-acl-helper
sqlite3
squashfs-tools
ssl-cert
steam-devices
swell-foop
switcheroo-control
syslinux-common
sysstat
system-config-printer-common
system-config-printer-udev
tali
tcl
tcl8.6
tdb-tools
tini
tk8.6
totem
totem-common
totem-plugins
tracker
tracker-extract
tracker-miner-fs
transmission-common
transmission-gtk
udisks2
unattended-upgrades
uno-libs3
unoconv
unzip
update-inetd
upower
ure
usb-modeswitch
usb-modeswitch-data
usb.ids
usbmuxd
util-linux-locales
uuid-dev
uuid-runtime
va-driver-all
vagrant-libvirt
vdpau-driver-all
vim-runtime
vinagre
vino
virt-viewer
virtinst
virtualbox-dkms
virtualbox-qt
wbrazilian
wireless-regdb
x11-apps
x11-common
x11-session-utils
x11-utils
x11-xkb-utils
x11-xserver-utils
x11proto-core-dev
x11proto-dev
x11proto-xext-dev
xauth
xbitmaps
xbrlapi
xdg-user-dirs
xdg-user-dirs-gtk
xdg-utils
xfonts-100dpi
xfonts-75dpi
xfonts-base
xfonts-encodings
xfonts-scalable
xfonts-utils
xfsprogs
xinit
xkb-data
xorg
xorg-docs-core
xorg-sgml-doctools
xsane-common
xserver-common
xserver-xephyr
xserver-xorg
xserver-xorg-core
xserver-xorg-input-all
xserver-xorg-input-libinput
xserver-xorg-input-wacom
xserver-xorg-legacy
xserver-xorg-video-all
xserver-xorg-video-amdgpu
xserver-xorg-video-ati
xserver-xorg-video-fbdev
xserver-xorg-video-nouveau
xserver-xorg-video-radeon
xserver-xorg-video-vesa
xserver-xorg-video-vmware
xsltproc
xtrans-dev
xwayland
yelp
yelp-xsl
zenity
zenity-common
zip
zlib1g-dev
zlib1g:i386
