acpi-call-dkms
adduser
android-tools-fastboot
apt
apt-listchanges
apt-transport-https
apt-utils
aptitude
base-files
base-passwd
bash
bash-completion
bind9-host
bsdmainutils
bsdutils
build-essential
busybox
bzip2
console-setup
coreutils
cpio
cron
crossover:i386
curl
dash
dbus
debconf
debconf-i18n
debconf-utils
debian-archive-keyring
debian-faq
debianutils
diffutils
discover
dmidecode
dmsetup
dnsutils
doc-debian
docker-compose
dpkg
e2fsprogs
ebtables
fdisk
ffmpeg
file
findutils
firewalld
firmware-iwlwifi
firmware-misc-nonfree
freeplane
gcc-8-base
gdbm-l10n
gettext-base
git
gnucash
golang
gparted
gpgv
grep
groff-base
grub-common
grub-efi-amd64
gzip
hdparm
hostname
i2c-tools
i965-va-driver-shaders
ifupdown
init
init-system-helpers
initramfs-tools
installation-report
intel-microcode
iproute2
iptables
iputils-ping
isc-dhcp-client
isc-dhcp-common
iscan
iscan-data
iscan-network-nt
java-package
joystick
keyboard-configuration
kmod
krb5-locales
laptop-detect
less
libacl1
libapparmor1
libapt-inst2.0
libapt-pkg5.0
libargon2-1
libattr1
libaudit-common
libaudit1
libblkid1
libbsd0
libbz2-1.0
libc-bin
libc6
libcairo2-dev
libcap-ng0
libcap2
libcap2-bin
libcom-err2
libcryptsetup12
libdb5.3
libdbus-glib-1-dev
libdebconfclient0
libdevmapper1.02.1
libdns-export1104
libelf1
libestr0
libext2fs2
libfastjson4
libfdisk1
libffi6
libfontconfig1:i386
libgcc1
libgcrypt20
libgirepository1.0-dev
libgmp10
libgnutls30
libgpg-error0
libhogweed4
libidn11
libidn2-0
libip4tc0
libip6tc0
libiptc0
libisc-export1100
libjson-c3
libkmod2
liblocale-gettext-perl
liblockfile-bin
liblognorm5
liblz4-1
liblzma5
libmnl0
libmount1
libncurses6
libncursesw6
libnetfilter-conntrack3
libnettle6
libnewt0.52
libnfnetlink0
libnftnl11
libnss-mdns:i386
libnss-systemd
libp11-kit0
libpam-modules
libpam-modules-bin
libpam-runtime
libpam-systemd
libpam0g
libpcre3
libpopt0
libprocps7
libpulse0:i386
libsane:i386
libseccomp2
libselinux1
libsemanage-common
libsemanage1
libsepol1
libslang2
libsmartcols1
libss2
libssl1.1
libstdc++6
libsystemd0
libtasn1-6
libtext-charwidth-perl
libtext-iconv-perl
libtext-wrapi18n-perl
libtinfo6
libudev1
libunistring2
libusb-1.0-0
libuuid1
libxcomposite1:i386
libxml2:i386
libxslt1.1:i386
libxtables12
libzstd1
linux-image-amd64
lm-sensors
locales
login
logrotate
lsb-base
lsof
lvm2
man-db
manpages
mawk
mc
mencoder
mime-support
mount
msr-tools
multiarch-support
nano
ncurses-base
ncurses-bin
ncurses-term
netbase
netcat-traditional
nfs-common
openssh-client
packer
parallel
passwd
pciutils
perl
perl-base
perl-modules-5.28
pidgin
pidgin-sipe
poppler-utils
printer-driver-escpr
procps
python
python-dbus
python-gobject
python-gtk2
python-minimal
python-virtualenv
python2.7
python3-cairo-dev
python3-dev
python3-pip
python3-reportbug
python3-venv
python3-wheel
qemu-kvm
readline-common
reportbug
rsyslog
s-tui
samba
sed
sensible-utils
shim-signed
slack-desktop
spotify-client
steam:i386
stress
sudo
systemd
systemd-sysv
sysvinit-utils
tar
task-brazilian-portuguese
task-brazilian-portuguese-desktop
task-desktop
task-gnome-desktop
task-laptop
task-print-server
task-ssh-server
tasksel
tasksel-data
telnet
tk:i386
tlp
tlp-rdw
tp-smapi-dkms
traceroute
tzdata
ucf
udev
usbutils
util-linux
vagrant
vainfo
vdpauinfo
vim
vim-common
vim-tiny
virt-manager
virtualbox
virtualbox-guest-additions-iso
virtualenv
vscodium
wamerican
wget
whiptail
wireless-tools
wpasupplicant
xautomation
xbindkeys
xbindkeys-config
xdelta3
xsane
xxd
xz-utils
zlib1g
